components/ProductDetailsModal.tsx(227,5): error TS1005: ')' expected.
components/ProductDetailsModal.tsx(228,3): error TS1109: Expression expected.
components/ProductDetailsModal.tsx(229,1): error TS1128: Declaration or statement expected.
